# Tests that a loaded graph can be modified after the fact.

loaded graph g

added node A to g
added node B to g

g contains: A B n1 n10 n11 n12 n13 n2 n3 n4 n5 n6 n7 n8 n9