# Test adding one edge | should add the edge

created graph graph
added node n1 to graph
added node n2 to graph
added edge e1 from n1 to n2 in graph