#Test adding one node | should appear within the graph's nodes.

created graph graph
added node n1 to graph