#Test adding two nodes to graph | should add the two nodes to graph.

created graph graph
added node n1 to graph
added node n2 to graph