#Test adding an edge pointing from and to the same node | should add the edge.

created graph graph
added node n1 to graph
added edge e1 from n1 to n1 in graph
