# Test to see if building an empty graph results in no nodes

created graph emptyGraph
emptyGraph contains: