# Tests listing children for a node with one edge | Should return that one child

created graph graph
added node n1 to graph
added node n2 to graph
added edge e1 from n1 to n2 in graph
the children of n1 in graph are: n2(e1)