# Test adding two edges, both overlapping | should return
true and add both edges

created graph graph
added node n1 to graph
added node n2 to graph
added edge e1 from n1 to n2 in graph
added edge e2 from n1 to n2 in graph