#Test adding one node | should return true
and should appear within the graph's nodes.

created graph graph
added node to graph