# Test to see if building an empty graph results in no nodes
# and no edges

created graph emptyGraph
emptyGraph contains: